Structure for TestFileDump.testDump.orc
Rows: 21000
Compression: SNAPPY
Compression size: 10000
Raw data size: 461510
Type: struct<i:int,l:bigint,s:string>

Statistics:
  Column 0: count: 21000
  Column 1: count: 21000 min: -2146993718 max: 2147378179 sum: 193017464403
  Column 2: count: 21000 min: -9222758097219661129 max: 9222303228623055266
  Column 3: count: 21000 min: -1000330164 max: 999572033

Stripes:
  Stripe: offset: 3 data: 120307 rows: 5000 tail: 99 index: 130 raw_data: 109859
    Stream: column 0 section ROW_INDEX start: 3 length 10
    Stream: column 1 section ROW_INDEX start: 13 length 36
    Stream: column 2 section ROW_INDEX start: 49 length 40
    Stream: column 3 section ROW_INDEX start: 89 length 44
    Stream: column 1 section DATA start: 133 length 24700
    Stream: column 2 section DATA start: 24833 length 47543
    Stream: column 3 section LENGTH start: 72376 length 3166
    Stream: column 3 section DATA start: 75542 length 44898
    Stream: column 3 section STRIDE_DICTIONARY_LENGTH start: 120440 length 0
    Encoding column 0: DIRECT
    Encoding column 1: DIRECT
    Encoding column 2: DIRECT
    Encoding column 3: DIRECT
  Stripe: offset: 120539 data: 120369 rows: 5000 tail: 99 index: 124 raw_data: 109897
    Stream: column 0 section ROW_INDEX start: 120539 length 10
    Stream: column 1 section ROW_INDEX start: 120549 length 33
    Stream: column 2 section ROW_INDEX start: 120582 length 38
    Stream: column 3 section ROW_INDEX start: 120620 length 43
    Stream: column 1 section DATA start: 120663 length 24719
    Stream: column 2 section DATA start: 145382 length 47502
    Stream: column 3 section LENGTH start: 192884 length 3186
    Stream: column 3 section DATA start: 196070 length 44962
    Stream: column 3 section STRIDE_DICTIONARY_LENGTH start: 241032 length 0
    Encoding column 0: DIRECT
    Encoding column 1: DIRECT
    Encoding column 2: DIRECT
    Encoding column 3: DIRECT
  Stripe: offset: 241131 data: 120238 rows: 5000 tail: 99 index: 126 raw_data: 109935
    Stream: column 0 section ROW_INDEX start: 241131 length 10
    Stream: column 1 section ROW_INDEX start: 241141 length 35
    Stream: column 2 section ROW_INDEX start: 241176 length 38
    Stream: column 3 section ROW_INDEX start: 241214 length 43
    Stream: column 1 section DATA start: 241257 length 24727
    Stream: column 2 section DATA start: 265984 length 47361
    Stream: column 3 section LENGTH start: 313345 length 3127
    Stream: column 3 section DATA start: 316472 length 45023
    Stream: column 3 section STRIDE_DICTIONARY_LENGTH start: 361495 length 0
    Encoding column 0: DIRECT
    Encoding column 1: DIRECT
    Encoding column 2: DIRECT
    Encoding column 3: DIRECT
  Stripe: offset: 361594 data: 120411 rows: 5000 tail: 99 index: 125 raw_data: 109854
    Stream: column 0 section ROW_INDEX start: 361594 length 10
    Stream: column 1 section ROW_INDEX start: 361604 length 34
    Stream: column 2 section ROW_INDEX start: 361638 length 38
    Stream: column 3 section ROW_INDEX start: 361676 length 43
    Stream: column 1 section DATA start: 361719 length 24724
    Stream: column 2 section DATA start: 386443 length 47549
    Stream: column 3 section LENGTH start: 433992 length 3215
    Stream: column 3 section DATA start: 437207 length 44923
    Stream: column 3 section STRIDE_DICTIONARY_LENGTH start: 482130 length 0
    Encoding column 0: DIRECT
    Encoding column 1: DIRECT
    Encoding column 2: DIRECT
    Encoding column 3: DIRECT
  Stripe: offset: 482229 data: 24118 rows: 1000 tail: 96 index: 124 raw_data: 21965
    Stream: column 0 section ROW_INDEX start: 482229 length 10
    Stream: column 1 section ROW_INDEX start: 482239 length 35
    Stream: column 2 section ROW_INDEX start: 482274 length 38
    Stream: column 3 section ROW_INDEX start: 482312 length 41
    Stream: column 1 section DATA start: 482353 length 4921
    Stream: column 2 section DATA start: 487274 length 9501
    Stream: column 3 section LENGTH start: 496775 length 774
    Stream: column 3 section DATA start: 497549 length 8922
    Stream: column 3 section STRIDE_DICTIONARY_LENGTH start: 506471 length 0
    Encoding column 0: DIRECT
    Encoding column 1: DIRECT
    Encoding column 2: DIRECT
    Encoding column 3: DIRECT
