Structure for TestFileDump.testDump.orc
Rows: 21000
Compression: ZLIB
Compression size: 10000
Raw data size: 7157832
Type: struct<i:int,l:bigint,s:string>

Statistics:
  Column 0: count: 21000
  Column 1: count: 21000 min: 1 max: 20999 sum: 219483908
  Column 2: count: 21000 min: 2147483647 max: 2147504645 sum: 45097377083598
  Column 3: count: 21000 min: Darkness,-80 max: worst-68-382-676-772-886-888-956-1064-1148-1310-1324-1418-1578-1700-1726-1802-2090-2306-2530-2568-2690-2812-2842-3718-4124-4316-4328-4488-4816-4942-5152-5286-5322-5422-5478-5534-5564-5618-6036-6254-6298-6480-6614-6746-6836-7148-7352-7488-7496-7516-7586-7624-7720-7772-7992-8206-8288-8516-8700-8726-8892-9002-9310-9556-9656-9658-9712-9948-10048-10518-10594-10604-11314-11410-11480-11696-12318-12350-12366-12666-12966-13466-13650-14106-14114-14276-14328-15184-15212-15314-15366-15382-15560-15758-16024-16316-16388-16554-16596-16724-16746-16766-16884-17182-17208-17466-17604-17656-18038-18550-18560-18814-19232-19742-20116-20414-20736-20822

Stripes:
  Stripe: offset: 3 data: 103249 rows: 5000 tail: 89 index: 218 raw_data: 441518
    Stream: column 0 section ROW_INDEX start: 3 length 10
    Stream: column 1 section ROW_INDEX start: 13 length 27
    Stream: column 2 section ROW_INDEX start: 40 length 36
    Stream: column 3 section ROW_INDEX start: 76 length 145
    Stream: column 1 section DATA start: 221 length 8450
    Stream: column 1 section LENGTH start: 8671 length 0
    Stream: column 1 section DICTIONARY_DATA start: 8671 length 0
    Stream: column 2 section DATA start: 8671 length 8685
    Stream: column 2 section LENGTH start: 17356 length 0
    Stream: column 2 section DICTIONARY_DATA start: 17356 length 0
    Stream: column 3 section DATA start: 17356 length 81859
    Stream: column 3 section LENGTH start: 99215 length 4255
    Stream: column 3 section DICTIONARY_DATA start: 103470 length 0
    Encoding column 0: DIRECT
    Encoding column 1: DIRECT
    Encoding column 2: DIRECT
    Encoding column 3: DIRECT
  Stripe: offset: 103559 data: 285134 rows: 5000 tail: 89 index: 376 raw_data: 1172656
    Stream: column 0 section ROW_INDEX start: 103559 length 10
    Stream: column 1 section ROW_INDEX start: 103569 length 27
    Stream: column 2 section ROW_INDEX start: 103596 length 36
    Stream: column 3 section ROW_INDEX start: 103632 length 303
    Stream: column 1 section DATA start: 103935 length 8467
    Stream: column 1 section LENGTH start: 112402 length 0
    Stream: column 1 section DICTIONARY_DATA start: 112402 length 0
    Stream: column 2 section DATA start: 112402 length 8666
    Stream: column 2 section LENGTH start: 121068 length 0
    Stream: column 2 section DICTIONARY_DATA start: 121068 length 0
    Stream: column 3 section DATA start: 121068 length 264052
    Stream: column 3 section LENGTH start: 385120 length 3949
    Stream: column 3 section DICTIONARY_DATA start: 389069 length 0
    Encoding column 0: DIRECT
    Encoding column 1: DIRECT
    Encoding column 2: DIRECT
    Encoding column 3: DIRECT
  Stripe: offset: 389158 data: 490509 rows: 5000 tail: 89 index: 484 raw_data: 1985250
    Stream: column 0 section ROW_INDEX start: 389158 length 10
    Stream: column 1 section ROW_INDEX start: 389168 length 27
    Stream: column 2 section ROW_INDEX start: 389195 length 36
    Stream: column 3 section ROW_INDEX start: 389231 length 411
    Stream: column 1 section DATA start: 389642 length 8534
    Stream: column 1 section LENGTH start: 398176 length 0
    Stream: column 1 section DICTIONARY_DATA start: 398176 length 0
    Stream: column 2 section DATA start: 398176 length 8680
    Stream: column 2 section LENGTH start: 406856 length 0
    Stream: column 2 section DICTIONARY_DATA start: 406856 length 0
    Stream: column 3 section DATA start: 406856 length 469134
    Stream: column 3 section LENGTH start: 875990 length 4161
    Stream: column 3 section DICTIONARY_DATA start: 880151 length 0
    Encoding column 0: DIRECT
    Encoding column 1: DIRECT
    Encoding column 2: DIRECT
    Encoding column 3: DIRECT
  Stripe: offset: 880240 data: 720108 rows: 5000 tail: 89 index: 616 raw_data: 2878674
    Stream: column 0 section ROW_INDEX start: 880240 length 10
    Stream: column 1 section ROW_INDEX start: 880250 length 27
    Stream: column 2 section ROW_INDEX start: 880277 length 36
    Stream: column 3 section ROW_INDEX start: 880313 length 543
    Stream: column 1 section DATA start: 880856 length 8510
    Stream: column 1 section LENGTH start: 889366 length 0
    Stream: column 1 section DICTIONARY_DATA start: 889366 length 0
    Stream: column 2 section DATA start: 889366 length 8659
    Stream: column 2 section LENGTH start: 898025 length 0
    Stream: column 2 section DICTIONARY_DATA start: 898025 length 0
    Stream: column 3 section DATA start: 898025 length 698582
    Stream: column 3 section LENGTH start: 1596607 length 4357
    Stream: column 3 section DICTIONARY_DATA start: 1600964 length 0
    Encoding column 0: DIRECT
    Encoding column 1: DIRECT
    Encoding column 2: DIRECT
    Encoding column 3: DIRECT
  Stripe: offset: 1601053 data: 170058 rows: 1000 tail: 89 index: 704 raw_data: 679734
    Stream: column 0 section ROW_INDEX start: 1601053 length 10
    Stream: column 1 section ROW_INDEX start: 1601063 length 27
    Stream: column 2 section ROW_INDEX start: 1601090 length 35
    Stream: column 3 section ROW_INDEX start: 1601125 length 632
    Stream: column 1 section DATA start: 1601757 length 1732
    Stream: column 1 section LENGTH start: 1603489 length 0
    Stream: column 1 section DICTIONARY_DATA start: 1603489 length 0
    Stream: column 2 section DATA start: 1603489 length 1739
    Stream: column 2 section LENGTH start: 1605228 length 0
    Stream: column 2 section DICTIONARY_DATA start: 1605228 length 0
    Stream: column 3 section DATA start: 1605228 length 165537
    Stream: column 3 section LENGTH start: 1770765 length 1050
    Stream: column 3 section DICTIONARY_DATA start: 1771815 length 0
    Encoding column 0: DIRECT
    Encoding column 1: DIRECT
    Encoding column 2: DIRECT
    Encoding column 3: DIRECT
