Structure for TestFileDump.testDump.orc
Rows: 21000
Compression: ZLIB
Compression size: 10000
Raw data size: 461510
Type: struct<i:int,l:bigint,s:string>

Statistics:
  Column 0: count: 21000
  Column 1: count: 21000 min: -2146993718 max: 2147378179 sum: 193017464403
  Column 2: count: 21000 min: -9222758097219661129 max: 9222303228623055266
  Column 3: count: 21000 min: -1000330164 max: 999572033

Stripes:
  Stripe: offset: 3 data: 93697 rows: 5000 tail: 89 index: 124 raw_data: 109859
    Stream: column 0 section ROW_INDEX start: 3 length 10
    Stream: column 1 section ROW_INDEX start: 13 length 34
    Stream: column 2 section ROW_INDEX start: 47 length 38
    Stream: column 3 section ROW_INDEX start: 85 length 42
    Stream: column 1 section DATA start: 127 length 22569
    Stream: column 1 section LENGTH start: 22696 length 0
    Stream: column 1 section DICTIONARY_DATA start: 22696 length 0
    Stream: column 2 section DATA start: 22696 length 43384
    Stream: column 2 section LENGTH start: 66080 length 0
    Stream: column 2 section DICTIONARY_DATA start: 66080 length 0
    Stream: column 3 section DATA start: 66080 length 25755
    Stream: column 3 section LENGTH start: 91835 length 1989
    Stream: column 3 section DICTIONARY_DATA start: 93824 length 0
    Encoding column 0: DIRECT
    Encoding column 1: DIRECT
    Encoding column 2: DIRECT
    Encoding column 3: DIRECT
  Stripe: offset: 93913 data: 93732 rows: 5000 tail: 89 index: 123 raw_data: 109897
    Stream: column 0 section ROW_INDEX start: 93913 length 10
    Stream: column 1 section ROW_INDEX start: 93923 length 33
    Stream: column 2 section ROW_INDEX start: 93956 length 38
    Stream: column 3 section ROW_INDEX start: 93994 length 42
    Stream: column 1 section DATA start: 94036 length 22561
    Stream: column 1 section LENGTH start: 116597 length 0
    Stream: column 1 section DICTIONARY_DATA start: 116597 length 0
    Stream: column 2 section DATA start: 116597 length 43401
    Stream: column 2 section LENGTH start: 159998 length 0
    Stream: column 2 section DICTIONARY_DATA start: 159998 length 0
    Stream: column 3 section DATA start: 159998 length 25779
    Stream: column 3 section LENGTH start: 185777 length 1991
    Stream: column 3 section DICTIONARY_DATA start: 187768 length 0
    Encoding column 0: DIRECT
    Encoding column 1: DIRECT
    Encoding column 2: DIRECT
    Encoding column 3: DIRECT
  Stripe: offset: 187857 data: 93706 rows: 5000 tail: 89 index: 125 raw_data: 109935
    Stream: column 0 section ROW_INDEX start: 187857 length 10
    Stream: column 1 section ROW_INDEX start: 187867 length 35
    Stream: column 2 section ROW_INDEX start: 187902 length 38
    Stream: column 3 section ROW_INDEX start: 187940 length 42
    Stream: column 1 section DATA start: 187982 length 22560
    Stream: column 1 section LENGTH start: 210542 length 0
    Stream: column 1 section DICTIONARY_DATA start: 210542 length 0
    Stream: column 2 section DATA start: 210542 length 43372
    Stream: column 2 section LENGTH start: 253914 length 0
    Stream: column 2 section DICTIONARY_DATA start: 253914 length 0
    Stream: column 3 section DATA start: 253914 length 25797
    Stream: column 3 section LENGTH start: 279711 length 1977
    Stream: column 3 section DICTIONARY_DATA start: 281688 length 0
    Encoding column 0: DIRECT
    Encoding column 1: DIRECT
    Encoding column 2: DIRECT
    Encoding column 3: DIRECT
  Stripe: offset: 281777 data: 93712 rows: 5000 tail: 89 index: 124 raw_data: 109854
    Stream: column 0 section ROW_INDEX start: 281777 length 10
    Stream: column 1 section ROW_INDEX start: 281787 length 34
    Stream: column 2 section ROW_INDEX start: 281821 length 38
    Stream: column 3 section ROW_INDEX start: 281859 length 42
    Stream: column 1 section DATA start: 281901 length 22540
    Stream: column 1 section LENGTH start: 304441 length 0
    Stream: column 1 section DICTIONARY_DATA start: 304441 length 0
    Stream: column 2 section DATA start: 304441 length 43394
    Stream: column 2 section LENGTH start: 347835 length 0
    Stream: column 2 section DICTIONARY_DATA start: 347835 length 0
    Stream: column 3 section DATA start: 347835 length 25753
    Stream: column 3 section LENGTH start: 373588 length 2025
    Stream: column 3 section DICTIONARY_DATA start: 375613 length 0
    Encoding column 0: DIRECT
    Encoding column 1: DIRECT
    Encoding column 2: DIRECT
    Encoding column 3: DIRECT
  Stripe: offset: 375702 data: 18794 rows: 1000 tail: 83 index: 122 raw_data: 21965
    Stream: column 0 section ROW_INDEX start: 375702 length 10
    Stream: column 1 section ROW_INDEX start: 375712 length 35
    Stream: column 2 section ROW_INDEX start: 375747 length 38
    Stream: column 3 section ROW_INDEX start: 375785 length 39
    Stream: column 1 section DATA start: 375824 length 4522
    Stream: column 1 section LENGTH start: 380346 length 0
    Stream: column 1 section DICTIONARY_DATA start: 380346 length 0
    Stream: column 2 section DATA start: 380346 length 8683
    Stream: column 2 section LENGTH start: 389029 length 0
    Stream: column 2 section DICTIONARY_DATA start: 389029 length 0
    Stream: column 3 section DATA start: 389029 length 5129
    Stream: column 3 section LENGTH start: 394158 length 460
    Stream: column 3 section DICTIONARY_DATA start: 394618 length 0
    Encoding column 0: DIRECT
    Encoding column 1: DIRECT
    Encoding column 2: DIRECT
    Encoding column 3: DIRECT
