Structure for TestFileDump.testDump.orc
Rows: 21000
Compression: SNAPPY
Compression size: 10000
Raw data size: 334083
Type: struct<i:int,l:bigint,s:string>

Statistics:
  Column 0: count: 21000
  Column 1: count: 21000 min: 0 max: 84 sum: 880009
  Column 2: count: 21000 min: 2147483647 max: 2147483731 sum: 45097157467009
  Column 3: count: 21000 min: Darkness, max: worst

Stripes:
  Stripe: offset: 3 data: 28877 rows: 5000 tail: 87 index: 108 raw_data: 79402
    Stream: column 0 section ROW_INDEX start: 3 length 10
    Stream: column 1 section ROW_INDEX start: 13 length 25
    Stream: column 2 section ROW_INDEX start: 38 length 36
    Stream: column 3 section ROW_INDEX start: 74 length 37
    Stream: column 1 section DATA start: 111 length 6200
    Stream: column 2 section DATA start: 6311 length 10554
    Stream: column 3 section LENGTH start: 16865 length 3931
    Stream: column 3 section DATA start: 20796 length 8192
    Encoding column 0: DIRECT
    Encoding column 1: DIRECT
    Encoding column 2: DIRECT
    Encoding column 3: DIRECT
  Stripe: offset: 29075 data: 29161 rows: 5000 tail: 87 index: 108 raw_data: 79842
    Stream: column 0 section ROW_INDEX start: 29075 length 10
    Stream: column 1 section ROW_INDEX start: 29085 length 25
    Stream: column 2 section ROW_INDEX start: 29110 length 36
    Stream: column 3 section ROW_INDEX start: 29146 length 37
    Stream: column 1 section DATA start: 29183 length 6273
    Stream: column 2 section DATA start: 35456 length 10553
    Stream: column 3 section LENGTH start: 46009 length 3966
    Stream: column 3 section DATA start: 49975 length 8369
    Encoding column 0: DIRECT
    Encoding column 1: DIRECT
    Encoding column 2: DIRECT
    Encoding column 3: DIRECT
  Stripe: offset: 58431 data: 28861 rows: 5000 tail: 87 index: 108 raw_data: 79491
    Stream: column 0 section ROW_INDEX start: 58431 length 10
    Stream: column 1 section ROW_INDEX start: 58441 length 25
    Stream: column 2 section ROW_INDEX start: 58466 length 36
    Stream: column 3 section ROW_INDEX start: 58502 length 37
    Stream: column 1 section DATA start: 58539 length 6239
    Stream: column 2 section DATA start: 64778 length 10529
    Stream: column 3 section LENGTH start: 75307 length 3960
    Stream: column 3 section DATA start: 79267 length 8133
    Encoding column 0: DIRECT
    Encoding column 1: DIRECT
    Encoding column 2: DIRECT
    Encoding column 3: DIRECT
  Stripe: offset: 87487 data: 28783 rows: 5000 tail: 87 index: 108 raw_data: 79351
    Stream: column 0 section ROW_INDEX start: 87487 length 10
    Stream: column 1 section ROW_INDEX start: 87497 length 25
    Stream: column 2 section ROW_INDEX start: 87522 length 36
    Stream: column 3 section ROW_INDEX start: 87558 length 37
    Stream: column 1 section DATA start: 87595 length 6193
    Stream: column 2 section DATA start: 93788 length 10516
    Stream: column 3 section LENGTH start: 104304 length 3918
    Stream: column 3 section DATA start: 108222 length 8156
    Encoding column 0: DIRECT
    Encoding column 1: DIRECT
    Encoding column 2: DIRECT
    Encoding column 3: DIRECT
  Stripe: offset: 116465 data: 6157 rows: 1000 tail: 87 index: 107 raw_data: 15997
    Stream: column 0 section ROW_INDEX start: 116465 length 10
    Stream: column 1 section ROW_INDEX start: 116475 length 25
    Stream: column 2 section ROW_INDEX start: 116500 length 35
    Stream: column 3 section ROW_INDEX start: 116535 length 37
    Stream: column 1 section DATA start: 116572 length 1256
    Stream: column 2 section DATA start: 117828 length 2182
    Stream: column 3 section LENGTH start: 120010 length 885
    Stream: column 3 section DATA start: 120895 length 1834
    Encoding column 0: DIRECT
    Encoding column 1: DIRECT
    Encoding column 2: DIRECT
    Encoding column 3: DIRECT
